// Jest Snapshot v1, https://goo.gl/fbAQLP

exports[`should render RemoveExpenseModal correctly 1`] = `
<Modal
  ariaHideApp={true}
  bodyOpenClassName="ReactModal__Body--open"
  className="modal"
  closeTimeoutMS={200}
  contentLabel="Remove Expense Confirmation"
  isOpen={true}
  onRequestClose={[Function]}
  parentSelector={[Function]}
  portalClassName="ReactModalPortal"
  shouldCloseOnEsc={true}
  shouldCloseOnOverlayClick={true}
  shouldFocusAfterRender={true}
  shouldReturnFocusAfterClose={true}
>
  <h3
    className="modal__title"
  >
    Remove Expense
  </h3>
  <p
    className="modal__body"
  >
    Are you sure you want to remove 
    <span>
      Gum
    </span>
     expense?
  </p>
  <button
    className="button"
    onClick={[Function]}
  >
    Cancel
  </button>
  <button
    className="button button--caution"
    onClick={[Function]}
  >
    I'm sure
  </button>
</Modal>
`;
